******************************************************************************
                  MSP430 Linker PC v4.4.3                      
******************************************************************************
>> Linked Mon Mar 09 17:13:27 2015

OUTPUT FILE NAME:   <adc_simple.out>
ENTRY POINT SYMBOL: "_c_int00_noargs_noexit"  address: 0000fa06


MEMORY CONFIGURATION

         name            origin    length      used     unused   attr    fill
----------------------  --------  ---------  --------  --------  ----  --------
  SFR                   00000000   00000010  00000000  00000010  RWIX
  PERIPHERALS_8BIT      00000010   000000f0  00000000  000000f0  RWIX
  PERIPHERALS_16BIT     00000100   00000100  00000000  00000100  RWIX
  RAM                   00000200   00000080  00000044  0000003c  RWIX
  INFOD                 00001000   00000040  00000000  00000040  RWIX
  INFOC                 00001040   00000040  00000000  00000040  RWIX
  INFOB                 00001080   00000040  00000000  00000040  RWIX
  INFOA                 000010c0   00000040  00000000  00000040  RWIX
  FLASH                 0000f800   000007e0  000002a2  0000053e  RWIX
  INT00                 0000ffe0   00000002  00000000  00000002  RWIX
  INT01                 0000ffe2   00000002  00000000  00000002  RWIX
  INT02                 0000ffe4   00000002  00000002  00000000  RWIX
  INT03                 0000ffe6   00000002  00000002  00000000  RWIX
  INT04                 0000ffe8   00000002  00000002  00000000  RWIX
  INT05                 0000ffea   00000002  00000002  00000000  RWIX
  INT06                 0000ffec   00000002  00000000  00000002  RWIX
  INT07                 0000ffee   00000002  00000000  00000002  RWIX
  INT08                 0000fff0   00000002  00000002  00000000  RWIX
  INT09                 0000fff2   00000002  00000002  00000000  RWIX
  INT10                 0000fff4   00000002  00000002  00000000  RWIX
  INT11                 0000fff6   00000002  00000000  00000002  RWIX
  INT12                 0000fff8   00000002  00000000  00000002  RWIX
  INT13                 0000fffa   00000002  00000000  00000002  RWIX
  INT14                 0000fffc   00000002  00000002  00000000  RWIX
  RESET                 0000fffe   00000002  00000002  00000000  RWIX


SECTION ALLOCATION MAP

 output                                  attributes/
section   page    origin      length       input sections
--------  ----  ----------  ----------   ----------------
.bss       0    00000200    00000012     UNINITIALIZED
                  00000200    00000008     (.common:settings)
                  00000208    00000002     (.common:ADCValue)
                  0000020a    00000002     (.common:RXByte)
                  0000020c    00000002     (.common:TXByte)
                  0000020e    00000001     (.common:ADCDone)
                  0000020f    00000001     (.common:BitCnt)
                  00000210    00000001     (.common:hasReceived)
                  00000211    00000001     (.common:isReceiving)

.stack     0    0000024c    00000032     UNINITIALIZED
                  0000024c    00000002     rts430_eabi.lib : boot.obj (.stack)
                  0000024e    00000030     --HOLE--

.text      0    0000f800    00000298     
                  0000f800    000000d8     softuart.obj (.text:Timer_A0_ISR)
                  0000f8d8    00000058     rts430_eabi.lib : autoinit.obj (.text:_auto_init)
                  0000f930    00000056     main.obj (.text:main)
                  0000f986    00000046     softuart.obj (.text:Port_1_ISR)
                  0000f9cc    0000001e     softuart.obj (.text:softuart_readline)
                  0000f9ea    0000001c     modbus.obj (.text:dispatchModbusRequest)
                  0000fa06    0000001a     rts430_eabi.lib : boot_special.obj (.text:_c_int00_noargs_noexit)
                  0000fa20    00000018     softuart.obj (.text:softuart_getc)
                  0000fa38    00000014     rts430_eabi.lib : copy_zero_init.obj (.text:decompress:ZI:__TI_zero_init)
                  0000fa4c    00000014                     : memset.obj (.text:memset)
                  0000fa60    00000012     adc10.obj (.text:ADC10_ISR)
                  0000fa72    00000010     rts430_eabi.lib : epilog.obj (.text)
                  0000fa82    00000006     softuart.obj (.text:Timer_A1_ISR)
                  0000fa88    00000006     rts430_eabi.lib : isr_trap.obj (.text:_isr:__TI_ISR_TRAP)
                  0000fa8e    00000004                     : pre_init.obj (.text:_system_pre_init)
                  0000fa92    00000004                     : exit.obj (.text:abort)
                  0000fa96    00000002     modbus.obj (.text:initModbus)

.cinit     0    0000fa98    0000000a     
                  0000fa98    00000004     (.cinit..bss.load) [load image, compression = zero_init]
                  0000fa9c    00000002     (__TI_handler_table)
                  0000fa9e    00000004     (__TI_cinit_table)

.init_array 
*          0    0000f800    00000000     UNINITIALIZED

PORT1      0    0000ffe4    00000002     
                  0000ffe4    00000002     softuart.obj (.int02)

PORT2      0    0000ffe6    00000002     
                  0000ffe6    00000002     rts430_eabi.lib : int03.obj (.int03)

USI        0    0000ffe8    00000002     
                  0000ffe8    00000002     rts430_eabi.lib : int04.obj (.int04)

ADC10      0    0000ffea    00000002     
                  0000ffea    00000002     adc10.obj (.int05)

TIMERA1    0    0000fff0    00000002     
                  0000fff0    00000002     softuart.obj (.int08)

TIMERA0    0    0000fff2    00000002     
                  0000fff2    00000002     softuart.obj (.int09)

WDT        0    0000fff4    00000002     
                  0000fff4    00000002     rts430_eabi.lib : int10.obj (.int10)

NMI        0    0000fffc    00000002     
                  0000fffc    00000002     rts430_eabi.lib : int14.obj (.int14)

.reset     0    0000fffe    00000002     
                  0000fffe    00000002     rts430_eabi.lib : boot.obj (.reset)


LINKER GENERATED COPY TABLES

__TI_cinit_table @ 0000fa9e records: 1, size/record: 4, table size: 4
	.bss: load addr=0000fa98, load size=00000004 bytes, run addr=00000200, run size=00000012 bytes, compression=zero_init


LINKER GENERATED HANDLER TABLE

__TI_handler_table @ 0000fa9c records: 1, size/record: 2, table size: 2
	index: 0, handler: __TI_zero_init


GLOBAL SYMBOLS: SORTED ALPHABETICALLY BY Name 

address   name                    
-------   ----                    
0000004a  ADC10AE0                
000001b0  ADC10CTL0               
000001b2  ADC10CTL1               
00000048  ADC10DTC0               
00000049  ADC10DTC1               
000001b4  ADC10MEM                
000001bc  ADC10SA                 
0000fa60  ADC10_ISR               
0000020e  ADCDone                 
00000208  ADCValue                
00000057  BCSCTL1                 
00000058  BCSCTL2                 
00000053  BCSCTL3                 
0000020f  BitCnt                  
0000fa92  C$$EXIT                 
000010ff  CALBC1_1MHZ             
000010fe  CALDCO_1MHZ             
00000056  DCOCTL                  
00000128  FCTL1                   
0000012a  FCTL2                   
0000012c  FCTL3                   
00000000  IE1                     
00000002  IFG1                    
00000022  P1DIR                   
00000025  P1IE                    
00000024  P1IES                   
00000023  P1IFG                   
00000020  P1IN                    
00000021  P1OUT                   
00000027  P1REN                   
00000026  P1SEL                   
0000002a  P2DIR                   
0000002d  P2IE                    
0000002c  P2IES                   
0000002b  P2IFG                   
00000028  P2IN                    
00000029  P2OUT                   
0000002f  P2REN                   
0000002e  P2SEL                   
0000f986  Port_1_ISR              
0000020a  RXByte                  
00000172  TACCR0                  
00000174  TACCR1                  
00000162  TACCTL0                 
00000164  TACCTL1                 
00000160  TACTL                   
0000012e  TAIV                    
00000170  TAR                     
0000020c  TXByte                  
0000f800  Timer_A0_ISR            
0000fa82  Timer_A1_ISR            
0000007a  USICCTL                 
0000007a  USICKCTL                
0000007b  USICNT                  
00000078  USICTL                  
00000078  USICTL0                 
00000079  USICTL1                 
0000007c  USISR                   
0000007d  USISRH                  
0000007c  USISRL                  
00000120  WDTCTL                  
0000027e  __STACK_END             
00000032  __STACK_SIZE            
0000fa9e  __TI_CINIT_Base         
0000faa2  __TI_CINIT_Limit        
0000fa9c  __TI_Handler_Table_Base 
0000fa9e  __TI_Handler_Table_Limit
UNDEFED   __TI_INITARRAY_Base     
UNDEFED   __TI_INITARRAY_Limit    
0000fa88  __TI_ISR_TRAP           
0000ffe4  __TI_int02              
0000ffe6  __TI_int03              
0000ffe8  __TI_int04              
0000ffea  __TI_int05              
0000fff0  __TI_int08              
0000fff2  __TI_int09              
0000fff4  __TI_int10              
0000fffc  __TI_int14              
0000fa38  __TI_zero_init          
ffffffff  __binit__               
ffffffff  __c_args__              
0000fa7e  __mspabi_func_epilog_1  
0000fa7c  __mspabi_func_epilog_2  
0000fa7a  __mspabi_func_epilog_3  
0000fa78  __mspabi_func_epilog_4  
0000fa76  __mspabi_func_epilog_5  
0000fa74  __mspabi_func_epilog_6  
0000fa72  __mspabi_func_epilog_7  
0000f8d8  _auto_init              
0000fa06  _c_int00_noargs_noexit  
0000fffe  _reset_vector           
0000024c  _stack                  
0000fa8e  _system_pre_init        
0000fa92  abort                   
ffffffff  binit                   
0000f9ea  dispatchModbusRequest   
00000210  hasReceived             
0000fa96  initModbus              
00000211  isReceiving             
0000f930  main                    
0000fa4c  memset                  
00000200  settings                
0000fa20  softuart_getc           
0000f9cc  softuart_readline       


GLOBAL SYMBOLS: SORTED BY Symbol Address 

address   name                    
-------   ----                    
00000000  IE1                     
00000002  IFG1                    
00000020  P1IN                    
00000021  P1OUT                   
00000022  P1DIR                   
00000023  P1IFG                   
00000024  P1IES                   
00000025  P1IE                    
00000026  P1SEL                   
00000027  P1REN                   
00000028  P2IN                    
00000029  P2OUT                   
0000002a  P2DIR                   
0000002b  P2IFG                   
0000002c  P2IES                   
0000002d  P2IE                    
0000002e  P2SEL                   
0000002f  P2REN                   
00000032  __STACK_SIZE            
00000048  ADC10DTC0               
00000049  ADC10DTC1               
0000004a  ADC10AE0                
00000053  BCSCTL3                 
00000056  DCOCTL                  
00000057  BCSCTL1                 
00000058  BCSCTL2                 
00000078  USICTL                  
00000078  USICTL0                 
00000079  USICTL1                 
0000007a  USICCTL                 
0000007a  USICKCTL                
0000007b  USICNT                  
0000007c  USISR                   
0000007c  USISRL                  
0000007d  USISRH                  
00000120  WDTCTL                  
00000128  FCTL1                   
0000012a  FCTL2                   
0000012c  FCTL3                   
0000012e  TAIV                    
00000160  TACTL                   
00000162  TACCTL0                 
00000164  TACCTL1                 
00000170  TAR                     
00000172  TACCR0                  
00000174  TACCR1                  
000001b0  ADC10CTL0               
000001b2  ADC10CTL1               
000001b4  ADC10MEM                
000001bc  ADC10SA                 
00000200  settings                
00000208  ADCValue                
0000020a  RXByte                  
0000020c  TXByte                  
0000020e  ADCDone                 
0000020f  BitCnt                  
00000210  hasReceived             
00000211  isReceiving             
0000024c  _stack                  
0000027e  __STACK_END             
000010fe  CALDCO_1MHZ             
000010ff  CALBC1_1MHZ             
0000f800  Timer_A0_ISR            
0000f8d8  _auto_init              
0000f930  main                    
0000f986  Port_1_ISR              
0000f9cc  softuart_readline       
0000f9ea  dispatchModbusRequest   
0000fa06  _c_int00_noargs_noexit  
0000fa20  softuart_getc           
0000fa38  __TI_zero_init          
0000fa4c  memset                  
0000fa60  ADC10_ISR               
0000fa72  __mspabi_func_epilog_7  
0000fa74  __mspabi_func_epilog_6  
0000fa76  __mspabi_func_epilog_5  
0000fa78  __mspabi_func_epilog_4  
0000fa7a  __mspabi_func_epilog_3  
0000fa7c  __mspabi_func_epilog_2  
0000fa7e  __mspabi_func_epilog_1  
0000fa82  Timer_A1_ISR            
0000fa88  __TI_ISR_TRAP           
0000fa8e  _system_pre_init        
0000fa92  C$$EXIT                 
0000fa92  abort                   
0000fa96  initModbus              
0000fa9c  __TI_Handler_Table_Base 
0000fa9e  __TI_CINIT_Base         
0000fa9e  __TI_Handler_Table_Limit
0000faa2  __TI_CINIT_Limit        
0000ffe4  __TI_int02              
0000ffe6  __TI_int03              
0000ffe8  __TI_int04              
0000ffea  __TI_int05              
0000fff0  __TI_int08              
0000fff2  __TI_int09              
0000fff4  __TI_int10              
0000fffc  __TI_int14              
0000fffe  _reset_vector           
ffffffff  __binit__               
ffffffff  __c_args__              
ffffffff  binit                   
UNDEFED   __TI_INITARRAY_Base     
UNDEFED   __TI_INITARRAY_Limit    

[104 symbols]
